// Jest Snapshot v1, https://goo.gl/fbAQLP

exports[`<FrontPage/> should render without crushing 1`] = `
<Layout>
  <div
    className="FrontPage"
  >
    FrontPage
  </div>
</Layout>
`;
